// Vitest Snapshot v1, https://vitest.dev/guide/snapshot.html

exports[`chart UI publish — metadata does not affect scoring > regression chart scores/axes/band match the locked baseline 1`] = `
[
  {
    "axes": {
      "activation": 82.5,
      "pressure": 73,
      "stability": 85.7,
      "support": 80.4,
    },
    "band": "balanced",
    "evidenceCompleteness": 100,
    "intensity": 94.1,
    "palaceIndex": 0,
    "rawAxes": {
      "activation": 20.930125,
      "pressure": 18.352349999999994,
      "stability": 14.322499999999994,
      "support": 22.816,
    },
    "score": 39.7,
  },
  {
    "axes": {
      "activation": 91.5,
      "pressure": 82.9,
      "stability": 82.6,
      "support": 76,
    },
    "band": "guarded",
    "evidenceCompleteness": 100,
    "intensity": 96.6,
    "palaceIndex": 1,
    "rawAxes": {
      "activation": 29.53150000000001,
      "pressure": 24.738750000000003,
      "stability": 12.465999999999994,
      "support": 19.953000000000007,
    },
    "score": 17.2,
  },
  {
    "axes": {
      "activation": 73.1,
      "pressure": 72.1,
      "stability": 64.6,
      "support": 58,
    },
    "band": "guarded",
    "evidenceCompleteness": 100,
    "intensity": 87.5,
    "palaceIndex": 2,
    "rawAxes": {
      "activation": 15.753375000000002,
      "pressure": 17.87525,
      "stability": 4.7970000000000015,
      "support": 12.159250000000004,
    },
    "score": 15.6,
  },
  {
    "axes": {
      "activation": 73.1,
      "pressure": 64,
      "stability": 82.1,
      "support": 71.8,
    },
    "band": "balanced",
    "evidenceCompleteness": 100,
    "intensity": 88.6,
    "palaceIndex": 3,
    "rawAxes": {
      "activation": 15.749324999999999,
      "pressure": 14.315,
      "stability": 12.206999999999994,
      "support": 17.73525,
    },
    "score": 36.6,
  },
  {
    "axes": {
      "activation": 80.7,
      "pressure": 65.6,
      "stability": 88.7,
      "support": 82.4,
    },
    "band": "supportive",
    "evidenceCompleteness": 100,
    "intensity": 93.2,
    "palaceIndex": 4,
    "rawAxes": {
      "activation": 19.736375000000002,
      "pressure": 14.937850000000003,
      "stability": 16.481,
      "support": 24.313999999999993,
    },
    "score": 54.9,
  },
  {
    "axes": {
      "activation": 94.4,
      "pressure": 87.2,
      "stability": 88.4,
      "support": 83.2,
    },
    "band": "guarded",
    "evidenceCompleteness": 100,
    "intensity": 98.2,
    "palaceIndex": 5,
    "rawAxes": {
      "activation": 34.535624999999996,
      "pressure": 28.799100000000006,
      "stability": 16.22600000000001,
      "support": 24.9691,
    },
    "score": 18.9,
  },
  {
    "axes": {
      "activation": 82.7,
      "pressure": 79.3,
      "stability": 67.8,
      "support": 70.2,
    },
    "band": "guarded",
    "evidenceCompleteness": 100,
    "intensity": 93.5,
    "palaceIndex": 6,
    "rawAxes": {
      "activation": 21.085875,
      "pressure": 22.0651,
      "stability": 5.952,
      "support": 16.949125000000002,
    },
    "score": 16.6,
  },
  {
    "axes": {
      "activation": 75.2,
      "pressure": 62.6,
      "stability": 76.2,
      "support": 69.6,
    },
    "band": "balanced",
    "evidenceCompleteness": 100,
    "intensity": 88.3,
    "palaceIndex": 7,
    "rawAxes": {
      "activation": 16.7217,
      "pressure": 13.763825000000002,
      "stability": 9.316999999999997,
      "support": 16.658975,
    },
    "score": 35.1,
  },
  {
    "axes": {
      "activation": 73.9,
      "pressure": 69.3,
      "stability": 79.4,
      "support": 68.1,
    },
    "band": "guarded",
    "evidenceCompleteness": 100,
    "intensity": 89.1,
    "palaceIndex": 8,
    "rawAxes": {
      "activation": 16.125150000000005,
      "pressure": 16.55515,
      "stability": 10.790499999999998,
      "support": 16.008124999999996,
    },
    "score": 26,
  },
  {
    "axes": {
      "activation": 91,
      "pressure": 83.8,
      "stability": 86.2,
      "support": 77.3,
    },
    "band": "guarded",
    "evidenceCompleteness": 100,
    "intensity": 96.7,
    "palaceIndex": 9,
    "rawAxes": {
      "activation": 28.918125000000007,
      "pressure": 25.447374999999994,
      "stability": 14.652499999999993,
      "support": 20.782874999999994,
    },
    "score": 17.4,
  },
  {
    "axes": {
      "activation": 81.7,
      "pressure": 72.6,
      "stability": 77.5,
      "support": 74.4,
    },
    "band": "guarded",
    "evidenceCompleteness": 100,
    "intensity": 92.7,
    "palaceIndex": 10,
    "rawAxes": {
      "activation": 20.36637500000001,
      "pressure": 18.148600000000002,
      "stability": 9.906999999999998,
      "support": 19.085575,
    },
    "score": 29.8,
  },
  {
    "axes": {
      "activation": 82.4,
      "pressure": 72.4,
      "stability": 85.7,
      "support": 81.6,
    },
    "band": "balanced",
    "evidenceCompleteness": 100,
    "intensity": 94.2,
    "palaceIndex": 11,
    "rawAxes": {
      "activation": 20.872749999999996,
      "pressure": 18.033725,
      "stability": 14.3405,
      "support": 23.703724999999995,
    },
    "score": 43.4,
  },
]
`;
