// Vitest Snapshot v1, https://vitest.dev/guide/snapshot.html

exports[`chart UI publish — metadata does not affect scoring > regression chart scores/axes/band match the locked baseline 1`] = `
[
  {
    "axes": {
      "activation": 76.3,
      "pressure": 61.9,
      "stability": 82.5,
      "support": 75.8,
    },
    "band": "supportive",
    "evidenceCompleteness": 100,
    "intensity": 90,
    "palaceIndex": 0,
    "rawAxes": {
      "activation": 17.27501,
      "pressure": 13.512200000000002,
      "stability": 12.409299999999998,
      "support": 19.849,
    },
    "score": 76.2,
  },
  {
    "axes": {
      "activation": 85.7,
      "pressure": 70.3,
      "stability": 76.4,
      "support": 70.4,
    },
    "band": "guarded",
    "evidenceCompleteness": 100,
    "intensity": 92.6,
    "palaceIndex": 1,
    "rawAxes": {
      "activation": 23.37900000000001,
      "pressure": 16.990949999999998,
      "stability": 9.405799999999997,
      "support": 17.028529999999996,
    },
    "score": 51,
  },
  {
    "axes": {
      "activation": 59.6,
      "pressure": 46,
      "stability": 58.3,
      "support": 53.9,
    },
    "band": "guarded",
    "evidenceCompleteness": 100,
    "intensity": 74.8,
    "palaceIndex": 2,
    "rawAxes": {
      "activation": 10.863075,
      "pressure": 8.628049999999998,
      "stability": 2.689400000000001,
      "support": 10.826149999999995,
    },
    "score": 49.5,
  },
  {
    "axes": {
      "activation": 49.2,
      "pressure": 38.6,
      "stability": 71.7,
      "support": 54.9,
    },
    "band": "balanced",
    "evidenceCompleteness": 100,
    "intensity": 69.5,
    "palaceIndex": 3,
    "rawAxes": {
      "activation": 8.135129999999997,
      "pressure": 6.8249749999999985,
      "stability": 7.456,
      "support": 11.133625,
    },
    "score": 67.8,
  },
  {
    "axes": {
      "activation": 61.8,
      "pressure": 49.1,
      "stability": 80.9,
      "support": 69.6,
    },
    "band": "supportive",
    "evidenceCompleteness": 100,
    "intensity": 81.9,
    "palaceIndex": 4,
    "rawAxes": {
      "activation": 11.535849999999998,
      "pressure": 9.44744,
      "stability": 11.565899999999997,
      "support": 16.6742,
    },
    "score": 80.6,
  },
  {
    "axes": {
      "activation": 87.7,
      "pressure": 70.4,
      "stability": 77.3,
      "support": 70.3,
    },
    "band": "balanced",
    "evidenceCompleteness": 100,
    "intensity": 93.2,
    "palaceIndex": 5,
    "rawAxes": {
      "activation": 25.167850000000005,
      "pressure": 17.060809999999996,
      "stability": 9.7929,
      "support": 17.012569999999997,
    },
    "score": 60.9,
  },
  {
    "axes": {
      "activation": 76.4,
      "pressure": 65.6,
      "stability": 64.3,
      "support": 64.7,
    },
    "band": "guarded",
    "evidenceCompleteness": 100,
    "intensity": 88.1,
    "palaceIndex": 6,
    "rawAxes": {
      "activation": 17.30425,
      "pressure": 14.927340000000001,
      "stability": 4.695000000000002,
      "support": 14.57493,
    },
    "score": 38.3,
  },
  {
    "axes": {
      "activation": 67.8,
      "pressure": 50.8,
      "stability": 70.4,
      "support": 59.2,
    },
    "band": "guarded",
    "evidenceCompleteness": 100,
    "intensity": 80.6,
    "palaceIndex": 7,
    "rawAxes": {
      "activation": 13.598029999999998,
      "pressure": 9.937179999999996,
      "stability": 6.914800000000001,
      "support": 12.563479999999998,
    },
    "score": 54,
  },
  {
    "axes": {
      "activation": 55,
      "pressure": 49.1,
      "stability": 68,
      "support": 48.5,
    },
    "band": "guarded",
    "evidenceCompleteness": 100,
    "intensity": 72.4,
    "palaceIndex": 8,
    "rawAxes": {
      "activation": 9.594735,
      "pressure": 9.461210000000003,
      "stability": 6.022099999999999,
      "support": 9.27965,
    },
    "score": 35.5,
  },
  {
    "axes": {
      "activation": 82.8,
      "pressure": 66.6,
      "stability": 74.9,
      "support": 67.3,
    },
    "band": "balanced",
    "evidenceCompleteness": 100,
    "intensity": 90.7,
    "palaceIndex": 9,
    "rawAxes": {
      "activation": 21.157950000000003,
      "pressure": 15.363125000000002,
      "stability": 8.7276,
      "support": 15.667374999999998,
    },
    "score": 55.7,
  },
  {
    "axes": {
      "activation": 73,
      "pressure": 52.7,
      "stability": 68.4,
      "support": 62.7,
    },
    "band": "guarded",
    "evidenceCompleteness": 100,
    "intensity": 83.8,
    "palaceIndex": 10,
    "rawAxes": {
      "activation": 15.695324999999995,
      "pressure": 10.471189999999996,
      "stability": 6.181900000000004,
      "support": 13.82188,
    },
    "score": 53.7,
  },
  {
    "axes": {
      "activation": 65.3,
      "pressure": 55.9,
      "stability": 76.9,
      "support": 71.6,
    },
    "band": "balanced",
    "evidenceCompleteness": 100,
    "intensity": 85,
    "palaceIndex": 11,
    "rawAxes": {
      "activation": 12.692199999999998,
      "pressure": 11.454709999999997,
      "stability": 9.609999999999998,
      "support": 17.645390000000003,
    },
    "score": 64.4,
  },
]
`;
