// Vitest Snapshot v1, https://vitest.dev/guide/snapshot.html

exports[`chart UI publish — metadata does not affect scoring > regression chart scores/axes/band match the locked baseline 1`] = `
[
  {
    "axes": {
      "activation": 82.5,
      "pressure": 70.8,
      "stability": 85.7,
      "support": 81.1,
    },
    "band": "supportive",
    "evidenceCompleteness": 100,
    "intensity": 93.9,
    "palaceIndex": 0,
    "rawAxes": {
      "activation": 20.930125,
      "pressure": 17.21985,
      "stability": 14.322499999999994,
      "support": 23.320999999999998,
    },
    "score": 68.2,
  },
  {
    "axes": {
      "activation": 91.5,
      "pressure": 80.6,
      "stability": 82.6,
      "support": 77.9,
    },
    "band": "guarded",
    "evidenceCompleteness": 100,
    "intensity": 96.5,
    "palaceIndex": 1,
    "rawAxes": {
      "activation": 29.53150000000001,
      "pressure": 22.946250000000003,
      "stability": 12.465999999999994,
      "support": 21.118000000000006,
    },
    "score": 44.3,
  },
  {
    "axes": {
      "activation": 70.6,
      "pressure": 67,
      "stability": 64.8,
      "support": 57.3,
    },
    "band": "guarded",
    "evidenceCompleteness": 100,
    "intensity": 85.3,
    "palaceIndex": 2,
    "rawAxes": {
      "activation": 14.703375000000001,
      "pressure": 15.537750000000003,
      "stability": 4.897000000000001,
      "support": 11.92425,
    },
    "score": 38.9,
  },
  {
    "axes": {
      "activation": 73.3,
      "pressure": 63,
      "stability": 82.4,
      "support": 72.8,
    },
    "band": "supportive",
    "evidenceCompleteness": 100,
    "intensity": 88.7,
    "palaceIndex": 3,
    "rawAxes": {
      "activation": 15.845324999999999,
      "pressure": 13.9325,
      "stability": 12.326999999999993,
      "support": 18.205249999999996,
    },
    "score": 63,
  },
  {
    "axes": {
      "activation": 80.7,
      "pressure": 65.6,
      "stability": 88.7,
      "support": 81.7,
    },
    "band": "strong",
    "evidenceCompleteness": 100,
    "intensity": 93,
    "palaceIndex": 4,
    "rawAxes": {
      "activation": 19.736375000000002,
      "pressure": 14.945350000000001,
      "stability": 16.481,
      "support": 23.778999999999993,
    },
    "score": 75.1,
  },
  {
    "axes": {
      "activation": 94.4,
      "pressure": 86.7,
      "stability": 88.6,
      "support": 84.1,
    },
    "band": "guarded",
    "evidenceCompleteness": 100,
    "intensity": 98.2,
    "palaceIndex": 5,
    "rawAxes": {
      "activation": 34.69562499999999,
      "pressure": 28.2666,
      "stability": 16.42600000000001,
      "support": 25.724100000000007,
    },
    "score": 42.1,
  },
  {
    "axes": {
      "activation": 80.6,
      "pressure": 71.5,
      "stability": 68.1,
      "support": 68.3,
    },
    "band": "guarded",
    "evidenceCompleteness": 100,
    "intensity": 91.2,
    "palaceIndex": 6,
    "rawAxes": {
      "activation": 19.685875,
      "pressure": 17.5901,
      "stability": 6.052000000000001,
      "support": 16.104125000000003,
    },
    "score": 45.4,
  },
  {
    "axes": {
      "activation": 75.4,
      "pressure": 60.1,
      "stability": 76.5,
      "support": 71.4,
    },
    "band": "supportive",
    "evidenceCompleteness": 100,
    "intensity": 88.3,
    "palaceIndex": 7,
    "rawAxes": {
      "activation": 16.8177,
      "pressure": 12.865325000000002,
      "stability": 9.436999999999996,
      "support": 17.532474999999998,
    },
    "score": 64.2,
  },
  {
    "axes": {
      "activation": 74.5,
      "pressure": 69,
      "stability": 79.4,
      "support": 70.6,
    },
    "band": "balanced",
    "evidenceCompleteness": 100,
    "intensity": 89.6,
    "palaceIndex": 8,
    "rawAxes": {
      "activation": 16.375150000000005,
      "pressure": 16.39515,
      "stability": 10.790499999999998,
      "support": 17.118125,
    },
    "score": 52.3,
  },
  {
    "axes": {
      "activation": 91.6,
      "pressure": 82.9,
      "stability": 86.2,
      "support": 78.8,
    },
    "band": "guarded",
    "evidenceCompleteness": 100,
    "intensity": 96.9,
    "palaceIndex": 9,
    "rawAxes": {
      "activation": 29.668125000000007,
      "pressure": 24.73987499999999,
      "stability": 14.652499999999993,
      "support": 21.715374999999995,
    },
    "score": 40.7,
  },
  {
    "axes": {
      "activation": 79.4,
      "pressure": 63.6,
      "stability": 77.7,
      "support": 71.8,
    },
    "band": "supportive",
    "evidenceCompleteness": 100,
    "intensity": 90.1,
    "palaceIndex": 10,
    "rawAxes": {
      "activation": 18.966375000000006,
      "pressure": 14.153600000000004,
      "stability": 10.007,
      "support": 17.735575,
    },
    "score": 61,
  },
  {
    "axes": {
      "activation": 82.9,
      "pressure": 72.9,
      "stability": 86.3,
      "support": 82.6,
    },
    "band": "supportive",
    "evidenceCompleteness": 100,
    "intensity": 94.5,
    "palaceIndex": 11,
    "rawAxes": {
      "activation": 21.19275,
      "pressure": 18.260225,
      "stability": 14.740499999999995,
      "support": 24.477224999999997,
    },
    "score": 68.5,
  },
]
`;
