// Vitest Snapshot v1, https://vitest.dev/guide/snapshot.html

exports[`V1.3 score freeze — regression chart > 'nam-phai': score/axes/rawAxes/intensity/band/driver identities match the explained-delta baseline 1`] = `
[
  {
    "axes": {
      "activation": 82.5,
      "pressure": 73,
      "stability": 85.7,
      "support": 80.4,
    },
    "band": "guarded",
    "evidenceCompleteness": 100,
    "intensity": 94.1,
    "palaceIndex": 0,
    "rawAxes": {
      "activation": 20.930125,
      "pressure": 18.352349999999994,
      "stability": 14.322499999999994,
      "support": 22.816,
    },
    "score": 40.9,
    "topPressureDriverIds": [
      "ev:major:0:Thái Âm:focus",
      "ev:major:0:Thiên Cơ:focus",
      "ev:minor:major-malefic:0:Địa Không",
    ],
    "topSupportDriverIds": [
      "ev:major:0:Thiên Cơ:focus",
      "ev:major:0:Thái Âm:focus",
      "ev:major:4:Thiên Lương:trine",
    ],
  },
  {
    "axes": {
      "activation": 91.5,
      "pressure": 82.9,
      "stability": 82.6,
      "support": 76,
    },
    "band": "low",
    "evidenceCompleteness": 100,
    "intensity": 96.6,
    "palaceIndex": 1,
    "rawAxes": {
      "activation": 29.53150000000001,
      "pressure": 24.738750000000003,
      "stability": 12.465999999999994,
      "support": 19.953000000000007,
    },
    "score": 17.9,
    "topPressureDriverIds": [
      "ev:major:1:Tham Lang:focus",
      "ev:major:9:Phá Quân:trine",
      "ev:major:1:Tử Vi:focus",
    ],
    "topSupportDriverIds": [
      "ev:major:1:Tử Vi:focus",
      "ev:major:1:Tham Lang:focus",
      "ev:major:9:Vũ Khúc:trine",
    ],
  },
  {
    "axes": {
      "activation": 70.6,
      "pressure": 72.2,
      "stability": 64.8,
      "support": 52.3,
    },
    "band": "low",
    "evidenceCompleteness": 100,
    "intensity": 85.8,
    "palaceIndex": 2,
    "rawAxes": {
      "activation": 14.703375000000001,
      "pressure": 17.900250000000003,
      "stability": 4.897000000000001,
      "support": 10.349250000000001,
    },
    "score": 13.4,
    "topPressureDriverIds": [
      "ev:major:2:Cự Môn:focus",
      "ev:major:8:Thiên Đồng:opposite",
      "ev:major:10:Thái Dương:trine",
    ],
    "topSupportDriverIds": [
      "ev:transform:2:Lộc:Cự Môn",
      "ev:major:2:Cự Môn:focus",
      "ev:major:8:Thiên Đồng:opposite",
    ],
  },
  {
    "axes": {
      "activation": 73.3,
      "pressure": 64,
      "stability": 82.4,
      "support": 72.4,
    },
    "band": "guarded",
    "evidenceCompleteness": 100,
    "intensity": 88.8,
    "palaceIndex": 3,
    "rawAxes": {
      "activation": 15.845324999999999,
      "pressure": 14.315,
      "stability": 12.326999999999993,
      "support": 18.035249999999998,
    },
    "score": 38.7,
    "topPressureDriverIds": [
      "ev:major:9:Phá Quân:opposite",
      "ev:major:9:Vũ Khúc:opposite",
      "ev:major:3:Thiên Tướng:focus",
    ],
    "topSupportDriverIds": [
      "ev:major:3:Thiên Tướng:focus",
      "ev:major:9:Vũ Khúc:opposite",
      "ev:major:11:Thiên Phủ:trine",
    ],
  },
  {
    "axes": {
      "activation": 80.7,
      "pressure": 65.6,
      "stability": 88.7,
      "support": 82.4,
    },
    "band": "balanced",
    "evidenceCompleteness": 100,
    "intensity": 93.2,
    "palaceIndex": 4,
    "rawAxes": {
      "activation": 19.736375000000002,
      "pressure": 14.937850000000003,
      "stability": 16.481,
      "support": 24.313999999999993,
    },
    "score": 56.1,
    "topPressureDriverIds": [
      "ev:major:10:Thái Dương:opposite",
      "ev:major:0:Thái Âm:trine",
      "ev:minor:major-malefic:4:Hỏa Tinh",
    ],
    "topSupportDriverIds": [
      "ev:major:4:Thiên Lương:focus",
      "ev:major:0:Thiên Cơ:trine",
      "ev:major:10:Thái Dương:opposite",
    ],
  },
  {
    "axes": {
      "activation": 94.4,
      "pressure": 87.2,
      "stability": 88.6,
      "support": 83.8,
    },
    "band": "low",
    "evidenceCompleteness": 100,
    "intensity": 98.2,
    "palaceIndex": 5,
    "rawAxes": {
      "activation": 34.69562499999999,
      "pressure": 28.799100000000006,
      "stability": 16.42600000000001,
      "support": 25.4691,
    },
    "score": 20.7,
    "topPressureDriverIds": [
      "ev:major:5:Liêm Trinh:focus",
      "ev:major:5:Thất Sát:focus",
      "ev:major:9:Phá Quân:trine",
    ],
    "topSupportDriverIds": [
      "ev:major:5:Thất Sát:focus",
      "ev:major:5:Liêm Trinh:focus",
      "ev:major:11:Thiên Phủ:opposite",
    ],
  },
  {
    "axes": {
      "activation": 80.6,
      "pressure": 74.6,
      "stability": 68.1,
      "support": 66,
    },
    "band": "low",
    "evidenceCompleteness": 100,
    "intensity": 91.4,
    "palaceIndex": 6,
    "rawAxes": {
      "activation": 19.685875,
      "pressure": 19.202600000000004,
      "stability": 6.052000000000001,
      "support": 15.094125000000002,
    },
    "score": 19.2,
    "topPressureDriverIds": [
      "ev:major-borrow:6:Thái Âm",
      "ev:major:2:Cự Môn:trine",
      "ev:major-borrow:6:Thiên Cơ",
    ],
    "topSupportDriverIds": [
      "ev:major-borrow:6:Thiên Cơ",
      "ev:major-borrow:6:Thái Âm",
      "ev:major:10:Thái Dương:trine",
    ],
  },
  {
    "axes": {
      "activation": 75.4,
      "pressure": 62.6,
      "stability": 76.5,
      "support": 70.2,
    },
    "band": "guarded",
    "evidenceCompleteness": 100,
    "intensity": 88.5,
    "palaceIndex": 7,
    "rawAxes": {
      "activation": 16.8177,
      "pressure": 13.763825000000002,
      "stability": 9.436999999999996,
      "support": 16.958975000000002,
    },
    "score": 37.2,
    "topPressureDriverIds": [
      "ev:major-borrow:7:Tham Lang",
      "ev:major-borrow:7:Tử Vi",
      "ev:minor:strong-pressure:7:Tang Môn",
    ],
    "topSupportDriverIds": [
      "ev:major-borrow:7:Tử Vi",
      "ev:major:11:Thiên Phủ:trine",
      "ev:major:3:Thiên Tướng:trine",
    ],
  },
  {
    "axes": {
      "activation": 74.5,
      "pressure": 72.8,
      "stability": 79.4,
      "support": 68.3,
    },
    "band": "low",
    "evidenceCompleteness": 100,
    "intensity": 90,
    "palaceIndex": 8,
    "rawAxes": {
      "activation": 16.375150000000005,
      "pressure": 18.217649999999995,
      "stability": 10.790499999999998,
      "support": 16.083124999999995,
    },
    "score": 23.3,
    "topPressureDriverIds": [
      "ev:major:8:Thiên Đồng:focus",
      "ev:major:2:Cự Môn:opposite",
      "ev:major:0:Thái Âm:trine",
    ],
    "topSupportDriverIds": [
      "ev:major:4:Thiên Lương:trine",
      "ev:major:8:Thiên Đồng:focus",
      "ev:major:0:Thiên Cơ:trine",
    ],
  },
  {
    "axes": {
      "activation": 91.6,
      "pressure": 84.7,
      "stability": 86.2,
      "support": 77.3,
    },
    "band": "low",
    "evidenceCompleteness": 100,
    "intensity": 96.9,
    "palaceIndex": 9,
    "rawAxes": {
      "activation": 29.668125000000007,
      "pressure": 26.247374999999995,
      "stability": 14.652499999999993,
      "support": 20.782874999999994,
    },
    "score": 16.7,
    "topPressureDriverIds": [
      "ev:major:9:Phá Quân:focus",
      "ev:major:9:Vũ Khúc:focus",
      "ev:major:1:Tham Lang:trine",
    ],
    "topSupportDriverIds": [
      "ev:major:9:Vũ Khúc:focus",
      "ev:major:3:Thiên Tướng:opposite",
      "ev:major:1:Tử Vi:trine",
    ],
  },
  {
    "axes": {
      "activation": 79.4,
      "pressure": 66.4,
      "stability": 77.7,
      "support": 70.8,
    },
    "band": "guarded",
    "evidenceCompleteness": 100,
    "intensity": 90.4,
    "palaceIndex": 10,
    "rawAxes": {
      "activation": 18.966375000000006,
      "pressure": 15.286100000000005,
      "stability": 10.007,
      "support": 17.230575,
    },
    "score": 33.6,
    "topPressureDriverIds": [
      "ev:major:10:Thái Dương:focus",
      "ev:major:2:Cự Môn:trine",
      "ev:transform:10:Quyền:Thái Dương",
    ],
    "topSupportDriverIds": [
      "ev:major:4:Thiên Lương:opposite",
      "ev:major:10:Thái Dương:focus",
      "ev:transform:10:Quyền:Thái Dương",
    ],
  },
  {
    "axes": {
      "activation": 82.9,
      "pressure": 72.4,
      "stability": 86.3,
      "support": 82.9,
    },
    "band": "guarded",
    "evidenceCompleteness": 100,
    "intensity": 94.5,
    "palaceIndex": 11,
    "rawAxes": {
      "activation": 21.19275,
      "pressure": 18.033725,
      "stability": 14.740499999999995,
      "support": 24.703724999999995,
    },
    "score": 47.7,
    "topPressureDriverIds": [
      "ev:transform:11:Kỵ:Văn Xương",
      "ev:major:5:Liêm Trinh:opposite",
      "ev:major:5:Thất Sát:opposite",
    ],
    "topSupportDriverIds": [
      "ev:major:11:Thiên Phủ:focus",
      "ev:major:5:Thất Sát:opposite",
      "ev:transform:11:Khoa:Văn Khúc",
    ],
  },
]
`;

exports[`V1.3 score freeze — regression chart > 'trung-chau': score/axes/rawAxes/intensity/band/driver identities match the explained-delta baseline 1`] = `
[
  {
    "axes": {
      "activation": 82.9,
      "pressure": 74.5,
      "stability": 85,
      "support": 79.9,
    },
    "band": "guarded",
    "evidenceCompleteness": 100,
    "intensity": 94.2,
    "palaceIndex": 0,
    "rawAxes": {
      "activation": 21.17275,
      "pressure": 19.131949999999996,
      "stability": 13.891999999999994,
      "support": 22.456,
    },
    "score": 37.5,
    "topPressureDriverIds": [
      "ev:major:0:Thái Âm:focus",
      "ev:major:0:Thiên Cơ:focus",
      "ev:minor:major-malefic:0:Địa Không",
    ],
    "topSupportDriverIds": [
      "ev:major:0:Thiên Cơ:focus",
      "ev:major:0:Thái Âm:focus",
      "ev:major:4:Thiên Lương:trine",
    ],
  },
  {
    "axes": {
      "activation": 92.3,
      "pressure": 84.1,
      "stability": 82.1,
      "support": 76.6,
    },
    "band": "low",
    "evidenceCompleteness": 100,
    "intensity": 97,
    "palaceIndex": 1,
    "rawAxes": {
      "activation": 30.811925000000002,
      "pressure": 25.776950000000003,
      "stability": 12.157999999999996,
      "support": 20.35120000000001,
    },
    "score": 16.8,
    "topPressureDriverIds": [
      "ev:major:1:Tham Lang:focus",
      "ev:major:9:Phá Quân:trine",
      "ev:major:1:Tử Vi:focus",
    ],
    "topSupportDriverIds": [
      "ev:major:1:Tử Vi:focus",
      "ev:major:1:Tham Lang:focus",
      "ev:major:9:Vũ Khúc:trine",
    ],
  },
  {
    "axes": {
      "activation": 71.2,
      "pressure": 73,
      "stability": 64.3,
      "support": 52.2,
    },
    "band": "low",
    "evidenceCompleteness": 100,
    "intensity": 86.2,
    "palaceIndex": 2,
    "rawAxes": {
      "activation": 14.931375000000001,
      "pressure": 18.32025,
      "stability": 4.697500000000001,
      "support": 10.337250000000001,
    },
    "score": 12.8,
    "topPressureDriverIds": [
      "ev:major:2:Cự Môn:focus",
      "ev:major:8:Thiên Đồng:opposite",
      "ev:major:10:Thái Dương:trine",
    ],
    "topSupportDriverIds": [
      "ev:transform:2:Lộc:Cự Môn",
      "ev:major:2:Cự Môn:focus",
      "ev:major:8:Thiên Đồng:opposite",
    ],
  },
  {
    "axes": {
      "activation": 73.9,
      "pressure": 63,
      "stability": 82.7,
      "support": 72.6,
    },
    "band": "guarded",
    "evidenceCompleteness": 100,
    "intensity": 88.8,
    "palaceIndex": 3,
    "rawAxes": {
      "activation": 16.1232,
      "pressure": 13.916,
      "stability": 12.521499999999996,
      "support": 18.11475,
    },
    "score": 40.1,
    "topPressureDriverIds": [
      "ev:major:9:Phá Quân:opposite",
      "ev:major:9:Vũ Khúc:opposite",
      "ev:major:3:Thiên Tướng:focus",
    ],
    "topSupportDriverIds": [
      "ev:major:3:Thiên Tướng:focus",
      "ev:major:9:Vũ Khúc:opposite",
      "ev:major:11:Thiên Phủ:trine",
    ],
  },
  {
    "axes": {
      "activation": 81.3,
      "pressure": 66.5,
      "stability": 88.5,
      "support": 82.5,
    },
    "band": "balanced",
    "evidenceCompleteness": 100,
    "intensity": 93.4,
    "palaceIndex": 4,
    "rawAxes": {
      "activation": 20.150875000000006,
      "pressure": 15.325850000000003,
      "stability": 16.292499999999997,
      "support": 24.365999999999996,
    },
    "score": 55.1,
    "topPressureDriverIds": [
      "ev:major:10:Thái Dương:opposite",
      "ev:major:0:Thái Âm:trine",
      "ev:minor:major-malefic:4:Hỏa Tinh",
    ],
    "topSupportDriverIds": [
      "ev:major:4:Thiên Lương:focus",
      "ev:major:0:Thiên Cơ:trine",
      "ev:major:10:Thái Dương:opposite",
    ],
  },
  {
    "axes": {
      "activation": 94.8,
      "pressure": 88.1,
      "stability": 88,
      "support": 84,
    },
    "band": "low",
    "evidenceCompleteness": 100,
    "intensity": 98.4,
    "palaceIndex": 5,
    "rawAxes": {
      "activation": 35.41912499999999,
      "pressure": 29.788100000000007,
      "stability": 15.946000000000009,
      "support": 25.6401,
    },
    "score": 19.1,
    "topPressureDriverIds": [
      "ev:major:5:Liêm Trinh:focus",
      "ev:major:5:Thất Sát:focus",
      "ev:major:9:Phá Quân:trine",
    ],
    "topSupportDriverIds": [
      "ev:major:5:Thất Sát:focus",
      "ev:major:5:Liêm Trinh:focus",
      "ev:major:11:Thiên Phủ:opposite",
    ],
  },
  {
    "axes": {
      "activation": 80.9,
      "pressure": 75.5,
      "stability": 66.8,
      "support": 64.2,
    },
    "band": "low",
    "evidenceCompleteness": 100,
    "intensity": 91.4,
    "palaceIndex": 6,
    "rawAxes": {
      "activation": 19.864875,
      "pressure": 19.662599999999998,
      "stability": 5.5975,
      "support": 14.397325,
    },
    "score": 17,
    "topPressureDriverIds": [
      "ev:major-borrow:6:Thái Âm",
      "ev:major:2:Cự Môn:trine",
      "ev:major-borrow:6:Thiên Cơ",
    ],
    "topSupportDriverIds": [
      "ev:major-borrow:6:Thiên Cơ",
      "ev:major-borrow:6:Thái Âm",
      "ev:major:10:Thái Dương:trine",
    ],
  },
  {
    "axes": {
      "activation": 76.1,
      "pressure": 62.5,
      "stability": 76.8,
      "support": 70.6,
    },
    "band": "guarded",
    "evidenceCompleteness": 100,
    "intensity": 88.7,
    "palaceIndex": 7,
    "rawAxes": {
      "activation": 17.193575000000003,
      "pressure": 13.722175000000002,
      "stability": 9.556,
      "support": 17.140525000000004,
    },
    "score": 37.8,
    "topPressureDriverIds": [
      "ev:major-borrow:7:Tham Lang",
      "ev:major-borrow:7:Tử Vi",
      "ev:minor:strong-pressure:7:Tang Môn",
    ],
    "topSupportDriverIds": [
      "ev:major-borrow:7:Tử Vi",
      "ev:major:11:Thiên Phủ:trine",
      "ev:major:3:Thiên Tướng:trine",
    ],
  },
  {
    "axes": {
      "activation": 74.9,
      "pressure": 74.1,
      "stability": 78.8,
      "support": 68.3,
    },
    "band": "low",
    "evidenceCompleteness": 100,
    "intensity": 90.4,
    "palaceIndex": 8,
    "rawAxes": {
      "activation": 16.595650000000003,
      "pressure": 18.925650000000005,
      "stability": 10.494999999999997,
      "support": 16.083124999999995,
    },
    "score": 21.7,
    "topPressureDriverIds": [
      "ev:major:8:Thiên Đồng:focus",
      "ev:major:2:Cự Môn:opposite",
      "ev:major:0:Thái Âm:trine",
    ],
    "topSupportDriverIds": [
      "ev:major:4:Thiên Lương:trine",
      "ev:major:8:Thiên Đồng:focus",
      "ev:major:0:Thiên Cơ:trine",
    ],
  },
  {
    "axes": {
      "activation": 92.2,
      "pressure": 85.7,
      "stability": 86,
      "support": 78.2,
    },
    "band": "low",
    "evidenceCompleteness": 100,
    "intensity": 97.3,
    "palaceIndex": 9,
    "rawAxes": {
      "activation": 30.62805000000001,
      "pressure": 27.233624999999993,
      "stability": 14.519999999999992,
      "support": 21.34162499999999,
    },
    "score": 16,
    "topPressureDriverIds": [
      "ev:major:9:Phá Quân:focus",
      "ev:major:9:Vũ Khúc:focus",
      "ev:major:1:Tham Lang:trine",
    ],
    "topSupportDriverIds": [
      "ev:major:9:Vũ Khúc:focus",
      "ev:major:3:Thiên Tướng:opposite",
      "ev:major:1:Tử Vi:trine",
    ],
  },
  {
    "axes": {
      "activation": 80.7,
      "pressure": 68.1,
      "stability": 77,
      "support": 71,
    },
    "band": "guarded",
    "evidenceCompleteness": 100,
    "intensity": 91,
    "palaceIndex": 10,
    "rawAxes": {
      "activation": 19.71325,
      "pressure": 16.006100000000007,
      "stability": 9.6705,
      "support": 17.340575,
    },
    "score": 31.9,
    "topPressureDriverIds": [
      "ev:major:10:Thái Dương:focus",
      "ev:major:2:Cự Môn:trine",
      "ev:transform:10:Quyền:Thái Dương",
    ],
    "topSupportDriverIds": [
      "ev:major:4:Thiên Lương:opposite",
      "ev:major:10:Thái Dương:focus",
      "ev:transform:10:Quyền:Thái Dương",
    ],
  },
  {
    "axes": {
      "activation": 82.6,
      "pressure": 70.2,
      "stability": 86.9,
      "support": 82.8,
    },
    "band": "balanced",
    "evidenceCompleteness": 100,
    "intensity": 94.2,
    "palaceIndex": 11,
    "rawAxes": {
      "activation": 21.01825,
      "pressure": 16.964325,
      "stability": 15.159000000000002,
      "support": 24.682724999999994,
    },
    "score": 51,
    "topPressureDriverIds": [
      "ev:transform:11:Kỵ:Văn Xương",
      "ev:major:5:Liêm Trinh:opposite",
      "ev:major:5:Thất Sát:opposite",
    ],
    "topSupportDriverIds": [
      "ev:major:11:Thiên Phủ:focus",
      "ev:major:5:Thất Sát:opposite",
      "ev:transform:11:Khoa:Văn Khúc",
    ],
  },
]
`;
