// Vitest Snapshot v1, https://vitest.dev/guide/snapshot.html

exports[`V1.3 score freeze — regression chart > 'nam-phai': score/axes/rawAxes/intensity/band/driver identities match the explained-delta baseline 1`] = `
[
  {
    "axes": {
      "activation": 76.3,
      "pressure": 61.9,
      "stability": 82.5,
      "support": 75.8,
    },
    "band": "supportive",
    "evidenceCompleteness": 100,
    "intensity": 90,
    "palaceIndex": 0,
    "rawAxes": {
      "activation": 17.27501,
      "pressure": 13.512200000000002,
      "stability": 12.409299999999998,
      "support": 19.849,
    },
    "score": 76.2,
    "topPressureDriverIds": [
      "ev:major:0:Thái Âm:focus",
      "ev:major:0:Thiên Cơ:focus",
      "ev:minor:major-malefic:0:Địa Không",
    ],
    "topSupportDriverIds": [
      "ev:major:0:Thiên Cơ:focus",
      "ev:major:0:Thái Âm:focus",
      "ev:minor:strong-support:0:Thiên Việt",
    ],
  },
  {
    "axes": {
      "activation": 85.7,
      "pressure": 70.3,
      "stability": 76.4,
      "support": 70.4,
    },
    "band": "guarded",
    "evidenceCompleteness": 100,
    "intensity": 92.6,
    "palaceIndex": 1,
    "rawAxes": {
      "activation": 23.37900000000001,
      "pressure": 16.990949999999998,
      "stability": 9.405799999999997,
      "support": 17.028529999999996,
    },
    "score": 51,
    "topPressureDriverIds": [
      "ev:major:1:Tham Lang:focus",
      "ev:major:1:Tử Vi:focus",
      "ev:minor:strong-pressure:1:Bạch Hổ",
    ],
    "topSupportDriverIds": [
      "ev:major:1:Tử Vi:focus",
      "ev:major:1:Tham Lang:focus",
      "ev:minor:strong-support:1:Hữu Bật",
    ],
  },
  {
    "axes": {
      "activation": 59.6,
      "pressure": 46,
      "stability": 58.3,
      "support": 53.9,
    },
    "band": "guarded",
    "evidenceCompleteness": 100,
    "intensity": 74.8,
    "palaceIndex": 2,
    "rawAxes": {
      "activation": 10.863075,
      "pressure": 8.628049999999998,
      "stability": 2.689400000000001,
      "support": 10.826149999999995,
    },
    "score": 49.5,
    "topPressureDriverIds": [
      "ev:major:2:Cự Môn:focus",
      "ev:minor:strong-pressure:2:Thiên Hình",
      "ev:major:10:Thái Dương:trine",
    ],
    "topSupportDriverIds": [
      "ev:major:2:Cự Môn:focus",
      "ev:major:10:Thái Dương:trine",
      "ev:minor:standard-support:2:Phúc Đức",
    ],
  },
  {
    "axes": {
      "activation": 49.2,
      "pressure": 38.6,
      "stability": 71.7,
      "support": 54.9,
    },
    "band": "balanced",
    "evidenceCompleteness": 100,
    "intensity": 69.5,
    "palaceIndex": 3,
    "rawAxes": {
      "activation": 8.135129999999997,
      "pressure": 6.8249749999999985,
      "stability": 7.456,
      "support": 11.133625,
    },
    "score": 67.8,
    "topPressureDriverIds": [
      "ev:major:3:Thiên Tướng:focus",
      "ev:minor:standard-pressure:3:Điếu Khách",
      "ev:chang-sheng:3:Tuyệt",
    ],
    "topSupportDriverIds": [
      "ev:major:3:Thiên Tướng:focus",
      "ev:major:11:Thiên Phủ:trine",
      "ev:minor:standard-support:3:Thiên Phúc",
    ],
  },
  {
    "axes": {
      "activation": 61.8,
      "pressure": 49.1,
      "stability": 80.9,
      "support": 69.6,
    },
    "band": "supportive",
    "evidenceCompleteness": 100,
    "intensity": 81.9,
    "palaceIndex": 4,
    "rawAxes": {
      "activation": 11.535849999999998,
      "pressure": 9.44744,
      "stability": 11.565899999999997,
      "support": 16.6742,
    },
    "score": 80.6,
    "topPressureDriverIds": [
      "ev:major:4:Thiên Lương:focus",
      "ev:minor:major-malefic:4:Hỏa Tinh",
      "ev:rule:rule-co-nguyet-dong-luong:4",
    ],
    "topSupportDriverIds": [
      "ev:major:4:Thiên Lương:focus",
      "ev:minor:strong-support:4:Thiên Khôi",
      "ev:rule:rule-co-nguyet-dong-luong:4",
    ],
  },
  {
    "axes": {
      "activation": 87.7,
      "pressure": 70.4,
      "stability": 77.3,
      "support": 70.3,
    },
    "band": "balanced",
    "evidenceCompleteness": 100,
    "intensity": 93.2,
    "palaceIndex": 5,
    "rawAxes": {
      "activation": 25.167850000000005,
      "pressure": 17.060809999999996,
      "stability": 9.7929,
      "support": 17.012569999999997,
    },
    "score": 60.9,
    "topPressureDriverIds": [
      "ev:major:5:Thất Sát:focus",
      "ev:major:5:Liêm Trinh:focus",
      "ev:minor:administrative-pressure:5:Thái Tuế",
    ],
    "topSupportDriverIds": [
      "ev:major:5:Thất Sát:focus",
      "ev:major:5:Liêm Trinh:focus",
      "ev:minor:wealth-resource:5:Thiên Tài",
    ],
  },
  {
    "axes": {
      "activation": 76.4,
      "pressure": 65.6,
      "stability": 64.3,
      "support": 64.7,
    },
    "band": "guarded",
    "evidenceCompleteness": 100,
    "intensity": 88.1,
    "palaceIndex": 6,
    "rawAxes": {
      "activation": 17.30425,
      "pressure": 14.927340000000001,
      "stability": 4.695000000000002,
      "support": 14.57493,
    },
    "score": 38.3,
    "topPressureDriverIds": [
      "ev:major-borrow:6:Thái Âm",
      "ev:major-borrow:6:Thiên Cơ",
      "ev:minor:major-malefic:6:Địa Kiếp",
    ],
    "topSupportDriverIds": [
      "ev:major-borrow:6:Thiên Cơ",
      "ev:major-borrow:6:Thái Âm",
      "ev:rule:rule-loc-quyen-hoi:6",
    ],
  },
  {
    "axes": {
      "activation": 67.8,
      "pressure": 50.8,
      "stability": 70.4,
      "support": 59.2,
    },
    "band": "guarded",
    "evidenceCompleteness": 100,
    "intensity": 80.6,
    "palaceIndex": 7,
    "rawAxes": {
      "activation": 13.598029999999998,
      "pressure": 9.937179999999996,
      "stability": 6.914800000000001,
      "support": 12.563479999999998,
    },
    "score": 54,
    "topPressureDriverIds": [
      "ev:major-borrow:7:Tham Lang",
      "ev:major-borrow:7:Tử Vi",
      "ev:minor:strong-pressure:7:Tang Môn",
    ],
    "topSupportDriverIds": [
      "ev:major-borrow:7:Tử Vi",
      "ev:major-borrow:7:Tham Lang",
      "ev:minor:wealth-resource:7:Lộc Tồn",
    ],
  },
  {
    "axes": {
      "activation": 55,
      "pressure": 49.1,
      "stability": 68,
      "support": 48.5,
    },
    "band": "guarded",
    "evidenceCompleteness": 100,
    "intensity": 72.4,
    "palaceIndex": 8,
    "rawAxes": {
      "activation": 9.594735,
      "pressure": 9.461210000000003,
      "stability": 6.022099999999999,
      "support": 9.27965,
    },
    "score": 35.5,
    "topPressureDriverIds": [
      "ev:major:8:Thiên Đồng:focus",
      "ev:minor:major-malefic:8:Kình Dương",
      "ev:minor:strong-pressure:8:Địa Võng",
    ],
    "topSupportDriverIds": [
      "ev:major:8:Thiên Đồng:focus",
      "ev:major:4:Thiên Lương:trine",
      "ev:major:0:Thiên Cơ:trine",
    ],
  },
  {
    "axes": {
      "activation": 82.8,
      "pressure": 66.6,
      "stability": 74.9,
      "support": 67.3,
    },
    "band": "balanced",
    "evidenceCompleteness": 100,
    "intensity": 90.7,
    "palaceIndex": 9,
    "rawAxes": {
      "activation": 21.157950000000003,
      "pressure": 15.363125000000002,
      "stability": 8.7276,
      "support": 15.667374999999998,
    },
    "score": 55.7,
    "topPressureDriverIds": [
      "ev:major:9:Phá Quân:focus",
      "ev:major:9:Vũ Khúc:focus",
      "ev:major:1:Tham Lang:trine",
    ],
    "topSupportDriverIds": [
      "ev:major:9:Vũ Khúc:focus",
      "ev:major:9:Phá Quân:focus",
      "ev:minor:strong-support:9:Tả Phụ",
    ],
  },
  {
    "axes": {
      "activation": 73,
      "pressure": 52.7,
      "stability": 68.4,
      "support": 62.7,
    },
    "band": "guarded",
    "evidenceCompleteness": 100,
    "intensity": 83.8,
    "palaceIndex": 10,
    "rawAxes": {
      "activation": 15.695324999999995,
      "pressure": 10.471189999999996,
      "stability": 6.181900000000004,
      "support": 13.82188,
    },
    "score": 53.7,
    "topPressureDriverIds": [
      "ev:major:10:Thái Dương:focus",
      "ev:minor:resource-dispersion:10:Tiểu Hao",
      "ev:rule:rule-cu-nhat:10",
    ],
    "topSupportDriverIds": [
      "ev:major:10:Thái Dương:focus",
      "ev:rule:rule-loc-quyen-hoi:10",
      "ev:minor:academic-literary:10:Tam Thai",
    ],
  },
  {
    "axes": {
      "activation": 65.3,
      "pressure": 55.9,
      "stability": 76.9,
      "support": 71.6,
    },
    "band": "balanced",
    "evidenceCompleteness": 100,
    "intensity": 85,
    "palaceIndex": 11,
    "rawAxes": {
      "activation": 12.692199999999998,
      "pressure": 11.454709999999997,
      "stability": 9.609999999999998,
      "support": 17.645390000000003,
    },
    "score": 64.4,
    "topPressureDriverIds": [
      "ev:minor:academic-literary:11:Văn Xương",
      "ev:minor:major-malefic:11:Linh Tinh",
      "ev:major:11:Thiên Phủ:focus",
    ],
    "topSupportDriverIds": [
      "ev:major:11:Thiên Phủ:focus",
      "ev:minor:academic-literary:11:Văn Khúc",
      "ev:minor:strong-support:11:Ân Quang",
    ],
  },
]
`;

exports[`V1.3 score freeze — regression chart > 'trung-chau': score/axes/rawAxes/intensity/band/driver identities match the explained-delta baseline 1`] = `
[
  {
    "axes": {
      "activation": 76.8,
      "pressure": 64,
      "stability": 81.8,
      "support": 75.3,
    },
    "band": "supportive",
    "evidenceCompleteness": 100,
    "intensity": 90.3,
    "palaceIndex": 0,
    "rawAxes": {
      "activation": 17.533060000000003,
      "pressure": 14.304040000000002,
      "stability": 12.000099999999996,
      "support": 19.553,
    },
    "score": 76.2,
    "topPressureDriverIds": [
      "ev:major:0:Thái Âm:focus",
      "ev:major:0:Thiên Cơ:focus",
      "ev:minor:major-malefic:0:Địa Không",
    ],
    "topSupportDriverIds": [
      "ev:major:0:Thiên Cơ:focus",
      "ev:major:0:Thái Âm:focus",
      "ev:minor:strong-support:0:Thiên Việt",
    ],
  },
  {
    "axes": {
      "activation": 86.9,
      "pressure": 71.3,
      "stability": 76.2,
      "support": 71,
    },
    "band": "guarded",
    "evidenceCompleteness": 100,
    "intensity": 93.2,
    "palaceIndex": 1,
    "rawAxes": {
      "activation": 24.38932000000001,
      "pressure": 17.48079,
      "stability": 9.291599999999995,
      "support": 17.308769999999996,
    },
    "score": 52,
    "topPressureDriverIds": [
      "ev:major:1:Tham Lang:focus",
      "ev:major:1:Tử Vi:focus",
      "ev:minor:strong-pressure:1:Bạch Hổ",
    ],
    "topSupportDriverIds": [
      "ev:major:1:Tử Vi:focus",
      "ev:major:1:Tham Lang:focus",
      "ev:minor:strong-support:1:Hữu Bật",
    ],
  },
  {
    "axes": {
      "activation": 59.8,
      "pressure": 46.4,
      "stability": 58.2,
      "support": 53.8,
    },
    "band": "guarded",
    "evidenceCompleteness": 100,
    "intensity": 75,
    "palaceIndex": 2,
    "rawAxes": {
      "activation": 10.94055,
      "pressure": 8.739649999999997,
      "stability": 2.635700000000001,
      "support": 10.821349999999995,
    },
    "score": 49.6,
    "topPressureDriverIds": [
      "ev:major:2:Cự Môn:focus",
      "ev:minor:strong-pressure:2:Thiên Hình",
      "ev:major:10:Thái Dương:trine",
    ],
    "topSupportDriverIds": [
      "ev:major:2:Cự Môn:focus",
      "ev:major:10:Thái Dương:trine",
      "ev:minor:standard-support:2:Thiên Đức",
    ],
  },
  {
    "axes": {
      "activation": 50.6,
      "pressure": 38.2,
      "stability": 71.4,
      "support": 54.2,
    },
    "band": "supportive",
    "evidenceCompleteness": 100,
    "intensity": 69.5,
    "palaceIndex": 3,
    "rawAxes": {
      "activation": 8.468354999999997,
      "pressure": 6.736774999999999,
      "stability": 7.323,
      "support": 10.944325000000001,
    },
    "score": 74.1,
    "topPressureDriverIds": [
      "ev:major:3:Thiên Tướng:focus",
      "ev:minor:standard-pressure:3:Điếu Khách",
      "ev:chang-sheng:3:Tuyệt",
    ],
    "topSupportDriverIds": [
      "ev:major:3:Thiên Tướng:focus",
      "ev:major:11:Thiên Phủ:trine",
      "ev:minor:standard-support:3:Thiên Phúc",
    ],
  },
  {
    "axes": {
      "activation": 62,
      "pressure": 49.4,
      "stability": 80.8,
      "support": 69.6,
    },
    "band": "supportive",
    "evidenceCompleteness": 100,
    "intensity": 82.1,
    "palaceIndex": 4,
    "rawAxes": {
      "activation": 11.622199999999996,
      "pressure": 9.54328,
      "stability": 11.515599999999997,
      "support": 16.6726,
    },
    "score": 80.6,
    "topPressureDriverIds": [
      "ev:major:4:Thiên Lương:focus",
      "ev:minor:major-malefic:4:Hỏa Tinh",
      "ev:rule:rule-co-nguyet-dong-luong:4",
    ],
    "topSupportDriverIds": [
      "ev:major:4:Thiên Lương:focus",
      "ev:minor:strong-support:4:Thiên Khôi",
      "ev:rule:rule-co-nguyet-dong-luong:4",
    ],
  },
  {
    "axes": {
      "activation": 88.6,
      "pressure": 74,
      "stability": 75.2,
      "support": 70.5,
    },
    "band": "balanced",
    "evidenceCompleteness": 100,
    "intensity": 94,
    "palaceIndex": 5,
    "rawAxes": {
      "activation": 26.057150000000004,
      "pressure": 18.84713,
      "stability": 8.880399999999998,
      "support": 17.08497,
    },
    "score": 55,
    "topPressureDriverIds": [
      "ev:major:5:Thất Sát:focus",
      "ev:major:5:Liêm Trinh:focus",
      "ev:minor:major-malefic:5:Linh Tinh",
    ],
    "topSupportDriverIds": [
      "ev:major:5:Thất Sát:focus",
      "ev:major:5:Liêm Trinh:focus",
      "ev:minor:wealth-resource:5:Thiên Tài",
    ],
  },
  {
    "axes": {
      "activation": 76.2,
      "pressure": 65.9,
      "stability": 62.9,
      "support": 61.7,
    },
    "band": "guarded",
    "evidenceCompleteness": 100,
    "intensity": 87.5,
    "palaceIndex": 6,
    "rawAxes": {
      "activation": 17.243299999999998,
      "pressure": 15.041740000000003,
      "stability": 4.224900000000001,
      "support": 13.45253,
    },
    "score": 38.3,
    "topPressureDriverIds": [
      "ev:major-borrow:6:Thái Âm",
      "ev:major-borrow:6:Thiên Cơ",
      "ev:minor:major-malefic:6:Đà La",
    ],
    "topSupportDriverIds": [
      "ev:major-borrow:6:Thiên Cơ",
      "ev:major-borrow:6:Thái Âm",
      "ev:rule:rule-loc-quyen-hoi:6",
    ],
  },
  {
    "axes": {
      "activation": 68.5,
      "pressure": 52.4,
      "stability": 70,
      "support": 59.4,
    },
    "band": "balanced",
    "evidenceCompleteness": 100,
    "intensity": 81.3,
    "palaceIndex": 7,
    "rawAxes": {
      "activation": 13.861580000000002,
      "pressure": 10.402259999999998,
      "stability": 6.767800000000001,
      "support": 12.608179999999999,
    },
    "score": 60.9,
    "topPressureDriverIds": [
      "ev:major-borrow:7:Tham Lang",
      "ev:major-borrow:7:Tử Vi",
      "ev:minor:strong-pressure:7:Tang Môn",
    ],
    "topSupportDriverIds": [
      "ev:major-borrow:7:Tử Vi",
      "ev:major-borrow:7:Tham Lang",
      "ev:minor:wealth-resource:7:Lộc Tồn",
    ],
  },
  {
    "axes": {
      "activation": 55.9,
      "pressure": 51.7,
      "stability": 67.2,
      "support": 48.4,
    },
    "band": "guarded",
    "evidenceCompleteness": 100,
    "intensity": 73.6,
    "palaceIndex": 8,
    "rawAxes": {
      "activation": 9.81636,
      "pressure": 10.176410000000002,
      "stability": 5.721799999999999,
      "support": 9.271249999999998,
    },
    "score": 35.1,
    "topPressureDriverIds": [
      "ev:major:8:Thiên Đồng:focus",
      "ev:minor:major-malefic:8:Kình Dương",
      "ev:minor:strong-pressure:8:Địa Võng",
    ],
    "topSupportDriverIds": [
      "ev:major:8:Thiên Đồng:focus",
      "ev:major:4:Thiên Lương:trine",
      "ev:major:0:Thiên Cơ:trine",
    ],
  },
  {
    "axes": {
      "activation": 83.7,
      "pressure": 68.3,
      "stability": 74.9,
      "support": 68.5,
    },
    "band": "balanced",
    "evidenceCompleteness": 100,
    "intensity": 91.4,
    "palaceIndex": 9,
    "rawAxes": {
      "activation": 21.788295000000005,
      "pressure": 16.090925,
      "stability": 8.7459,
      "support": 16.158775,
    },
    "score": 55.7,
    "topPressureDriverIds": [
      "ev:major:9:Phá Quân:focus",
      "ev:major:9:Vũ Khúc:focus",
      "ev:major:1:Tham Lang:trine",
    ],
    "topSupportDriverIds": [
      "ev:major:9:Vũ Khúc:focus",
      "ev:major:9:Phá Quân:focus",
      "ev:minor:strong-support:9:Tả Phụ",
    ],
  },
  {
    "axes": {
      "activation": 74.8,
      "pressure": 55.4,
      "stability": 67.4,
      "support": 63.2,
    },
    "band": "balanced",
    "evidenceCompleteness": 100,
    "intensity": 85.1,
    "palaceIndex": 10,
    "rawAxes": {
      "activation": 16.529574999999994,
      "pressure": 11.307189999999999,
      "stability": 5.811800000000003,
      "support": 13.98588,
    },
    "score": 56.6,
    "topPressureDriverIds": [
      "ev:major:10:Thái Dương:focus",
      "ev:minor:resource-dispersion:10:Tiểu Hao",
      "ev:rule:rule-cu-nhat:10",
    ],
    "topSupportDriverIds": [
      "ev:major:10:Thái Dương:focus",
      "ev:rule:rule-loc-quyen-hoi:10",
      "ev:minor:academic-literary:10:Tam Thai",
    ],
  },
  {
    "axes": {
      "activation": 63.5,
      "pressure": 49.7,
      "stability": 78.7,
      "support": 71.6,
    },
    "band": "balanced",
    "evidenceCompleteness": 100,
    "intensity": 83.3,
    "palaceIndex": 11,
    "rawAxes": {
      "activation": 12.107999999999999,
      "pressure": 9.630869999999998,
      "stability": 10.442199999999996,
      "support": 17.636990000000004,
    },
    "score": 68.7,
    "topPressureDriverIds": [
      "ev:minor:academic-literary:11:Văn Xương",
      "ev:major:11:Thiên Phủ:focus",
      "ev:minor:standard-pressure:11:Thiên Hư",
    ],
    "topSupportDriverIds": [
      "ev:major:11:Thiên Phủ:focus",
      "ev:minor:academic-literary:11:Văn Khúc",
      "ev:minor:strong-support:11:Ân Quang",
    ],
  },
]
`;
